2026/04/03 16:10:35 INFO Picked report file for database update path=data/nav_reports/nav_data_2026-04-02_to_2026-04-03.parquet
2026/04/03 16:10:35 INFO Starting database update picked_file=data/nav_reports/nav_data_2026-04-02_to_2026-04-03.parquet type=.parquet
2026/04/03 16:10:35 INFO database update complete rows_affected=39 source=nav_data_2026-04-02_to_2026-04-03.parquet
2026/04/03 16:10:35 INFO Database loading completed successfully
** WARNING: connection is not using a post-quantum key exchange algorithm.
** This session may be vulnerable to "store now, decrypt later" attacks.
** The server may need to be upgraded. See https://openssh.com/pq.html
Pseudo-terminal will not be allocated because stdin is not a terminal.
** WARNING: connection is not using a post-quantum key exchange algorithm.
** This session may be vulnerable to "store now, decrypt later" attacks.
** The server may need to be upgraded. See https://openssh.com/pq.html
2026/04/03 16:17:09 INFO Picked report file for database update path=data/nav_reports/nav_data_2026-04-02_to_2026-04-03.parquet
2026/04/03 16:17:09 INFO Starting database update picked_file=data/nav_reports/nav_data_2026-04-02_to_2026-04-03.parquet type=.parquet
2026/04/03 16:17:09 INFO database update complete rows_affected=39 source=nav_data_2026-04-02_to_2026-04-03.parquet
2026/04/03 16:17:09 INFO Database loading completed successfully
** WARNING: connection is not using a post-quantum key exchange algorithm.
** This session may be vulnerable to "store now, decrypt later" attacks.
** The server may need to be upgraded. See https://openssh.com/pq.html
Pseudo-terminal will not be allocated because stdin is not a terminal.
** WARNING: connection is not using a post-quantum key exchange algorithm.
** This session may be vulnerable to "store now, decrypt later" attacks.
** The server may need to be upgraded. See https://openssh.com/pq.html
2026/04/03 16:51:23 INFO Picked report file for database update path=data/nav_reports/nav_data_2026-04-02_to_2026-04-03.parquet
2026/04/03 16:51:23 INFO Starting database update picked_file=data/nav_reports/nav_data_2026-04-02_to_2026-04-03.parquet type=.parquet
2026/04/03 16:51:23 INFO database update complete rows_affected=51 source=nav_data_2026-04-02_to_2026-04-03.parquet
2026/04/03 16:51:23 INFO Database loading completed successfully
** WARNING: connection is not using a post-quantum key exchange algorithm.
** This session may be vulnerable to "store now, decrypt later" attacks.
** The server may need to be upgraded. See https://openssh.com/pq.html
Pseudo-terminal will not be allocated because stdin is not a terminal.
** WARNING: connection is not using a post-quantum key exchange algorithm.
** This session may be vulnerable to "store now, decrypt later" attacks.
** The server may need to be upgraded. See https://openssh.com/pq.html
